// Jest Snapshot v1, https://goo.gl/fbAQLP

exports[`Banner.vue has the expected html structure 1`] = `
<div
  class="lux-banner"
  name="fade"
>
  <div
    class="lux-announcement open"
  >
    <wrapper
      fullwidth="true"
    >
      <!---->
       Here's some info for you.
    </wrapper>
  </div>
</div>
`;
