// Jest Snapshot v1, https://goo.gl/fbAQLP

exports[`DataTable.vue has the expected html structure 1`] = `
<table
  border="1px"
  class="lux-data-table"
>
  <caption>
    
    This is a caption.
  
  </caption>
   
  <thead>
    <tr>
      <th
        scope="col"
      >
        <!---->
         
        <span>
          Select Items
        </span>
      </th>
      <th
        scope="col"
      >
        <!---->
         
        <span>
          name
        </span>
      </th>
      <th
        scope="col"
      >
        <lux-icon-base
          height="16"
          icon-name="approved"
          width="16"
        >
          <!---->
           
          <!---->
           
          <lux-icon-unsorted />
        </lux-icon-base>
         
        <input-button
          type="button"
          variation="text"
        >
          Email Address
        </input-button>
      </th>
      <th
        scope="col"
      >
        <lux-icon-base
          height="16"
          icon-name="approved"
          width="16"
        >
          <!---->
           
          <!---->
           
          <lux-icon-unsorted />
        </lux-icon-base>
         
        <input-button
          type="button"
          variation="text"
        >
          age
        </input-button>
      </th>
    </tr>
  </thead>
   
  <tbody>
    <tr>
      <td
        class="lux-data-table-center"
      >
        <input
          aria-label="1, foo, foo@xxx.xxx, 42"
          id="1"
          name="id"
          type="checkbox"
          value="1"
        />
      </td>
      <td
        class=""
      >
        <span>
          foo
        </span>
      </td>
      <td
        class="lux-data-table-center"
      >
        <span>
          foo@xxx.xxx
        </span>
      </td>
      <td
        class="lux-data-table-number"
      >
        <span>
          42
        </span>
      </td>
    </tr>
    <tr>
      <td
        class="lux-data-table-center"
      >
        <input
          aria-label="2, bar, bar@xxx.xxx, 23"
          id="2"
          name="id"
          type="checkbox"
          value="2"
        />
      </td>
      <td
        class=""
      >
        <span>
          bar
        </span>
      </td>
      <td
        class="lux-data-table-center"
      >
        <span>
          bar@xxx.xxx
        </span>
      </td>
      <td
        class="lux-data-table-number"
      >
        <span>
          23
        </span>
      </td>
    </tr>
    <tr>
      <td
        class="lux-data-table-center"
      >
        <input
          aria-label="3, fez, fez@xxx.xxx, 34"
          id="3"
          name="id"
          type="checkbox"
          value="3"
        />
      </td>
      <td
        class=""
      >
        <span>
          fez
        </span>
      </td>
      <td
        class="lux-data-table-center"
      >
        <span>
          fez@xxx.xxx
        </span>
      </td>
      <td
        class="lux-data-table-number"
      >
        <span>
          34
        </span>
      </td>
    </tr>
  </tbody>
   
  <!---->
</table>
`;
