// Jest Snapshot v1, https://goo.gl/fbAQLP

exports[`DataTable.vue has the expected html structure 1`] = `
<table
  border="1px"
  class="lux-data-table"
>
  <caption>
    
    This is a caption.
  
  </caption>
   
  <thead>
    <tr>
      <th
        scope="col"
      >
        name
      </th>
      <th
        scope="col"
      >
        Email Address
      </th>
      <th
        scope="col"
      >
        age
      </th>
    </tr>
  </thead>
   
  <tbody>
    <tr>
      <td
        class=""
      >
        
        foo
      
      </td>
      <td
        class="lux-data-table-center"
      >
        
        foo@xxx.xxx
      
      </td>
      <td
        class="lux-data-table-number"
      >
        
        42
      
      </td>
    </tr>
    <tr>
      <td
        class=""
      >
        
        bar
      
      </td>
      <td
        class="lux-data-table-center"
      >
        
        bar@xxx.xxx
      
      </td>
      <td
        class="lux-data-table-number"
      >
        
        23
      
      </td>
    </tr>
    <tr>
      <td
        class=""
      >
        
        fez
      
      </td>
      <td
        class="lux-data-table-center"
      >
        
        fez@xxx.xxx
      
      </td>
      <td
        class="lux-data-table-number"
      >
        
        34
      
      </td>
    </tr>
  </tbody>
   
  <!---->
</table>
`;
