// Jest Snapshot v1, https://goo.gl/fbAQLP

exports[`InputCheckbox.vue has the expected html structure 1`] = `
<div
  class="lux-input"
>
  <!---->
   
  <div
    class="lux-checkbox lux-inline"
  >
    <input
      id="checkbox-opt1"
      name=""
      type="checkbox"
      value="one"
    />
     
    <label
      for="checkbox-opt1"
    >
      one
    </label>
  </div>
  <div
    class="lux-checkbox lux-inline"
  >
    <input
      id="checkbox-opt2"
      name=""
      type="checkbox"
      value="two"
    />
     
    <label
      for="checkbox-opt2"
    >
      two
    </label>
  </div>
   
  <!---->
</div>
`;
