// Jest Snapshot v1, https://goo.gl/fbAQLP

exports[`InputText.vue has the expected html structure 1`] = `
<div
  class="lux-input"
>
  <!---->
   
  <div
    class="lux-input-field lux-input-expand medium"
  >
    <input
      class="lux-input"
      errormessage=""
      id="foo"
      maxlength="256"
      name="pass this"
      placeholder=""
      type="text"
    />
     
    <!---->
  </div>
   
  <!---->
   
  <!---->
</div>
`;
