// Jest Snapshot v1, https://goo.gl/fbAQLP

exports[`InputText.vue has the expected html structure 1`] = `
<div
  class="lux-input"
>
  <!---->
   
  <div
    class="lux-input-field medium"
  >
    <input
      autocomplete="off"
      class="lux-input"
      errormessage=""
      focus="true"
      id="foo"
      maxlength="256"
      name="pass this"
      placeholder=""
      type="text"
    />
     
    <!---->
  </div>
   
  <!---->
   
  <!---->
</div>
`;
