// Jest Snapshot v1, https://goo.gl/fbAQLP

exports[`MediaImage.vue has the expected html structure 1`] = `
<div
  alt="alt text"
  class="lux-media-image lux-default-thumbnail"
  cover="true"
  height="medium"
  src=""
>
  <!---->
   
  <lux-icon-base-stub
    height="50"
    icon-color="rgb(225,225,225)"
    icon-hide="true"
    icon-name="file"
    width="50"
  >
    <lux-icon-file-stub />
  </lux-icon-base-stub>
</div>
`;
